exports[`<Row /> align baseline renders as expected 1`] = `
<div
  className="cvHemP">
  Row
</div>
`;

exports[`<Row /> align baseline renders the proper styles 1`] = `
".gmahTy { 
  display: -webkit-box; 
  display: -moz-box; 
  display: -ms-flexbox; 
  display: -webkit-flex; 
  display: flex;
  flex-wrap: wrap;
  -webkit-box-lines: multiple;
  -ms-flex-wrap: wrap;
  -webkit-flex-wrap: wrap;
  flex: 0 1 auto;
  -ms-flex: 0 1 auto;
  -webkit-flex: 0 1 auto;

  /* Reverse */
  

  /* Container for main views */
  
  margin: 0 auto;

  /* Justify content, X axis aligment  */
  justify-content: flex-start;
  -webkit-box-pack: start;
  -ms-flex-pack: start;
  -webkit-justify-content: flex-start;
  /* Align items, Y axis */
  align-items: flex-start;
  -webkit-box-align: start;
  -ms-flex-align: start;
  -webkit-align-items: flex-start;
 }.gMYxYy { 
  display: -webkit-box; 
  display: -moz-box; 
  display: -ms-flexbox; 
  display: -webkit-flex; 
  display: flex;
  flex-wrap: wrap;
  -webkit-box-lines: multiple;
  -ms-flex-wrap: wrap;
  -webkit-flex-wrap: wrap;
  flex: 0 1 auto;
  -ms-flex: 0 1 auto;
  -webkit-flex: 0 1 auto;

  /* Reverse */
  

  /* Container for main views */
  
  width: 100%;
  max-width: 1200px;

  

  /* Justify content, X axis aligment  */
  justify-content: flex-start;
  -webkit-box-pack: start;
  -ms-flex-pack: start;
  -webkit-justify-content: flex-start;
  /* Align items, Y axis */
  align-items: flex-start;
  -webkit-box-align: start;
  -ms-flex-align: start;
  -webkit-align-items: flex-start;
 }.hENXnL { 
  display: -webkit-box; 
  display: -moz-box; 
  display: -ms-flexbox; 
  display: -webkit-flex; 
  display: flex;
  flex-wrap: wrap;
  -webkit-box-lines: multiple;
  -ms-flex-wrap: wrap;
  -webkit-flex-wrap: wrap;
  flex: 0 1 auto;
  -ms-flex: 0 1 auto;
  -webkit-flex: 0 1 auto;

  /* Reverse */
  

  /* Container for main views */
  
  

  /* Justify content, X axis aligment  */
  justify-content: flex-start;
  -webkit-box-pack: start;
  -ms-flex-pack: start;
  -webkit-justify-content: flex-start;
  /* Align items, Y axis */
  align-items: flex-start;
  -webkit-box-align: start;
  -ms-flex-align: start;
  -webkit-align-items: flex-start;
 }.bKorkv { 
  display: -webkit-box; 
  display: -moz-box; 
  display: -ms-flexbox; 
  display: -webkit-flex; 
  display: flex;
  flex-wrap: wrap;
  -webkit-box-lines: multiple;
  -ms-flex-wrap: wrap;
  -webkit-flex-wrap: wrap;
  flex: 0 1 auto;
  -ms-flex: 0 1 auto;
  -webkit-flex: 0 1 auto;

  /* Reverse */
  

  /* Container for main views */
  
  

  /* Justify content, X axis aligment  */
  justify-content: flex-end;
  -webkit-box-pack: end;
  -ms-flex-pack: end;
  -webkit-justify-content: flex-end;
  /* Align items, Y axis */
  align-items: flex-start;
  -webkit-box-align: start;
  -ms-flex-align: start;
  -webkit-align-items: flex-start;
 }.jDSNno { 
  display: -webkit-box; 
  display: -moz-box; 
  display: -ms-flexbox; 
  display: -webkit-flex; 
  display: flex;
  flex-wrap: wrap;
  -webkit-box-lines: multiple;
  -ms-flex-wrap: wrap;
  -webkit-flex-wrap: wrap;
  flex: 0 1 auto;
  -ms-flex: 0 1 auto;
  -webkit-flex: 0 1 auto;

  /* Reverse */
  

  /* Container for main views */
  
  

  /* Justify content, X axis aligment  */
  justify-content: center;
  -webkit-box-pack: center;
  -ms-flex-pack: center;
  -webkit-justify-content: center;
  /* Align items, Y axis */
  align-items: flex-start;
  -webkit-box-align: start;
  -ms-flex-align: start;
  -webkit-align-items: flex-start;
 }.kyrNXh { 
  display: -webkit-box; 
  display: -moz-box; 
  display: -ms-flexbox; 
  display: -webkit-flex; 
  display: flex;
  flex-wrap: wrap;
  -webkit-box-lines: multiple;
  -ms-flex-wrap: wrap;
  -webkit-flex-wrap: wrap;
  flex: 0 1 auto;
  -ms-flex: 0 1 auto;
  -webkit-flex: 0 1 auto;

  /* Reverse */
  

  /* Container for main views */
  
  

  /* Justify content, X axis aligment  */
  justify-content: space-between;
  -webkit-box-pack: justify;
  -ms-flex-pack: justify;
  -webkit-justify-content: space-between;
  /* Align items, Y axis */
  align-items: flex-start;
  -webkit-box-align: start;
  -ms-flex-align: start;
  -webkit-align-items: flex-start;
 }.dTDVAP { 
  display: -webkit-box; 
  display: -moz-box; 
  display: -ms-flexbox; 
  display: -webkit-flex; 
  display: flex;
  flex-wrap: wrap;
  -webkit-box-lines: multiple;
  -ms-flex-wrap: wrap;
  -webkit-flex-wrap: wrap;
  flex: 0 1 auto;
  -ms-flex: 0 1 auto;
  -webkit-flex: 0 1 auto;

  /* Reverse */
  

  /* Container for main views */
  
  

  /* Justify content, X axis aligment  */
  justify-content: space-around;
  -webkit-box-pack: justify;
  -ms-flex-pack: distribute;
  -webkit-justify-content: space-around;
  /* Align items, Y axis */
  align-items: flex-start;
  -webkit-box-align: start;
  -ms-flex-align: start;
  -webkit-align-items: flex-start;
 }.jmWRYR { 
  display: -webkit-box; 
  display: -moz-box; 
  display: -ms-flexbox; 
  display: -webkit-flex; 
  display: flex;
  flex-wrap: wrap;
  -webkit-box-lines: multiple;
  -ms-flex-wrap: wrap;
  -webkit-flex-wrap: wrap;
  flex: 0 1 auto;
  -ms-flex: 0 1 auto;
  -webkit-flex: 0 1 auto;

  /* Reverse */
  

  /* Container for main views */
  
  

  /* Justify content, X axis aligment  */
  justify-content: flex-start;
  -webkit-box-pack: start;
  -ms-flex-pack: start;
  -webkit-justify-content: flex-start;
  /* Align items, Y axis */
  align-items: flex-end;
  -webkit-box-align: end;
  -ms-flex-align: end;
  -webkit-align-items: flex-end;
 }.ejEsuj { 
  display: -webkit-box; 
  display: -moz-box; 
  display: -ms-flexbox; 
  display: -webkit-flex; 
  display: flex;
  flex-wrap: wrap;
  -webkit-box-lines: multiple;
  -ms-flex-wrap: wrap;
  -webkit-flex-wrap: wrap;
  flex: 0 1 auto;
  -ms-flex: 0 1 auto;
  -webkit-flex: 0 1 auto;

  /* Reverse */
  

  /* Container for main views */
  
  

  /* Justify content, X axis aligment  */
  justify-content: flex-start;
  -webkit-box-pack: start;
  -ms-flex-pack: start;
  -webkit-justify-content: flex-start;
  /* Align items, Y axis */
  align-items: center;
  -webkit-box-align: center;
  -ms-flex-align: center;
  -webkit-align-items: center;
 }.OjDrt { 
  display: -webkit-box; 
  display: -moz-box; 
  display: -ms-flexbox; 
  display: -webkit-flex; 
  display: flex;
  flex-wrap: wrap;
  -webkit-box-lines: multiple;
  -ms-flex-wrap: wrap;
  -webkit-flex-wrap: wrap;
  flex: 0 1 auto;
  -ms-flex: 0 1 auto;
  -webkit-flex: 0 1 auto;

  /* Reverse */
  

  /* Container for main views */
  
  

  /* Justify content, X axis aligment  */
  justify-content: flex-start;
  -webkit-box-pack: start;
  -ms-flex-pack: start;
  -webkit-justify-content: flex-start;
  /* Align items, Y axis */
  align-items: stretch;
  -webkit-box-align: stretch;
  -ms-flex-align: stretch;
  -webkit-align-items: stretch;
 }.cvHemP { 
  display: -webkit-box; 
  display: -moz-box; 
  display: -ms-flexbox; 
  display: -webkit-flex; 
  display: flex;
  flex-wrap: wrap;
  -webkit-box-lines: multiple;
  -ms-flex-wrap: wrap;
  -webkit-flex-wrap: wrap;
  flex: 0 1 auto;
  -ms-flex: 0 1 auto;
  -webkit-flex: 0 1 auto;

  /* Reverse */
  

  /* Container for main views */
  
  

  /* Justify content, X axis aligment  */
  justify-content: flex-start;
  -webkit-box-pack: start;
  -ms-flex-pack: start;
  -webkit-justify-content: flex-start;
  /* Align items, Y axis */
  align-items: baseline;
  -webkit-box-align: baseline;
  -ms-flex-align: baseline;
  -webkit-align-items: baseline;
 }"
`;

exports[`<Row /> align center renders as expected 1`] = `
<div
  className="ejEsuj">
  Row
</div>
`;

exports[`<Row /> align center renders the proper styles 1`] = `
".gmahTy { 
  display: -webkit-box; 
  display: -moz-box; 
  display: -ms-flexbox; 
  display: -webkit-flex; 
  display: flex;
  flex-wrap: wrap;
  -webkit-box-lines: multiple;
  -ms-flex-wrap: wrap;
  -webkit-flex-wrap: wrap;
  flex: 0 1 auto;
  -ms-flex: 0 1 auto;
  -webkit-flex: 0 1 auto;

  /* Reverse */
  

  /* Container for main views */
  
  margin: 0 auto;

  /* Justify content, X axis aligment  */
  justify-content: flex-start;
  -webkit-box-pack: start;
  -ms-flex-pack: start;
  -webkit-justify-content: flex-start;
  /* Align items, Y axis */
  align-items: flex-start;
  -webkit-box-align: start;
  -ms-flex-align: start;
  -webkit-align-items: flex-start;
 }.gMYxYy { 
  display: -webkit-box; 
  display: -moz-box; 
  display: -ms-flexbox; 
  display: -webkit-flex; 
  display: flex;
  flex-wrap: wrap;
  -webkit-box-lines: multiple;
  -ms-flex-wrap: wrap;
  -webkit-flex-wrap: wrap;
  flex: 0 1 auto;
  -ms-flex: 0 1 auto;
  -webkit-flex: 0 1 auto;

  /* Reverse */
  

  /* Container for main views */
  
  width: 100%;
  max-width: 1200px;

  

  /* Justify content, X axis aligment  */
  justify-content: flex-start;
  -webkit-box-pack: start;
  -ms-flex-pack: start;
  -webkit-justify-content: flex-start;
  /* Align items, Y axis */
  align-items: flex-start;
  -webkit-box-align: start;
  -ms-flex-align: start;
  -webkit-align-items: flex-start;
 }.hENXnL { 
  display: -webkit-box; 
  display: -moz-box; 
  display: -ms-flexbox; 
  display: -webkit-flex; 
  display: flex;
  flex-wrap: wrap;
  -webkit-box-lines: multiple;
  -ms-flex-wrap: wrap;
  -webkit-flex-wrap: wrap;
  flex: 0 1 auto;
  -ms-flex: 0 1 auto;
  -webkit-flex: 0 1 auto;

  /* Reverse */
  

  /* Container for main views */
  
  

  /* Justify content, X axis aligment  */
  justify-content: flex-start;
  -webkit-box-pack: start;
  -ms-flex-pack: start;
  -webkit-justify-content: flex-start;
  /* Align items, Y axis */
  align-items: flex-start;
  -webkit-box-align: start;
  -ms-flex-align: start;
  -webkit-align-items: flex-start;
 }.bKorkv { 
  display: -webkit-box; 
  display: -moz-box; 
  display: -ms-flexbox; 
  display: -webkit-flex; 
  display: flex;
  flex-wrap: wrap;
  -webkit-box-lines: multiple;
  -ms-flex-wrap: wrap;
  -webkit-flex-wrap: wrap;
  flex: 0 1 auto;
  -ms-flex: 0 1 auto;
  -webkit-flex: 0 1 auto;

  /* Reverse */
  

  /* Container for main views */
  
  

  /* Justify content, X axis aligment  */
  justify-content: flex-end;
  -webkit-box-pack: end;
  -ms-flex-pack: end;
  -webkit-justify-content: flex-end;
  /* Align items, Y axis */
  align-items: flex-start;
  -webkit-box-align: start;
  -ms-flex-align: start;
  -webkit-align-items: flex-start;
 }.jDSNno { 
  display: -webkit-box; 
  display: -moz-box; 
  display: -ms-flexbox; 
  display: -webkit-flex; 
  display: flex;
  flex-wrap: wrap;
  -webkit-box-lines: multiple;
  -ms-flex-wrap: wrap;
  -webkit-flex-wrap: wrap;
  flex: 0 1 auto;
  -ms-flex: 0 1 auto;
  -webkit-flex: 0 1 auto;

  /* Reverse */
  

  /* Container for main views */
  
  

  /* Justify content, X axis aligment  */
  justify-content: center;
  -webkit-box-pack: center;
  -ms-flex-pack: center;
  -webkit-justify-content: center;
  /* Align items, Y axis */
  align-items: flex-start;
  -webkit-box-align: start;
  -ms-flex-align: start;
  -webkit-align-items: flex-start;
 }.kyrNXh { 
  display: -webkit-box; 
  display: -moz-box; 
  display: -ms-flexbox; 
  display: -webkit-flex; 
  display: flex;
  flex-wrap: wrap;
  -webkit-box-lines: multiple;
  -ms-flex-wrap: wrap;
  -webkit-flex-wrap: wrap;
  flex: 0 1 auto;
  -ms-flex: 0 1 auto;
  -webkit-flex: 0 1 auto;

  /* Reverse */
  

  /* Container for main views */
  
  

  /* Justify content, X axis aligment  */
  justify-content: space-between;
  -webkit-box-pack: justify;
  -ms-flex-pack: justify;
  -webkit-justify-content: space-between;
  /* Align items, Y axis */
  align-items: flex-start;
  -webkit-box-align: start;
  -ms-flex-align: start;
  -webkit-align-items: flex-start;
 }.dTDVAP { 
  display: -webkit-box; 
  display: -moz-box; 
  display: -ms-flexbox; 
  display: -webkit-flex; 
  display: flex;
  flex-wrap: wrap;
  -webkit-box-lines: multiple;
  -ms-flex-wrap: wrap;
  -webkit-flex-wrap: wrap;
  flex: 0 1 auto;
  -ms-flex: 0 1 auto;
  -webkit-flex: 0 1 auto;

  /* Reverse */
  

  /* Container for main views */
  
  

  /* Justify content, X axis aligment  */
  justify-content: space-around;
  -webkit-box-pack: justify;
  -ms-flex-pack: distribute;
  -webkit-justify-content: space-around;
  /* Align items, Y axis */
  align-items: flex-start;
  -webkit-box-align: start;
  -ms-flex-align: start;
  -webkit-align-items: flex-start;
 }.jmWRYR { 
  display: -webkit-box; 
  display: -moz-box; 
  display: -ms-flexbox; 
  display: -webkit-flex; 
  display: flex;
  flex-wrap: wrap;
  -webkit-box-lines: multiple;
  -ms-flex-wrap: wrap;
  -webkit-flex-wrap: wrap;
  flex: 0 1 auto;
  -ms-flex: 0 1 auto;
  -webkit-flex: 0 1 auto;

  /* Reverse */
  

  /* Container for main views */
  
  

  /* Justify content, X axis aligment  */
  justify-content: flex-start;
  -webkit-box-pack: start;
  -ms-flex-pack: start;
  -webkit-justify-content: flex-start;
  /* Align items, Y axis */
  align-items: flex-end;
  -webkit-box-align: end;
  -ms-flex-align: end;
  -webkit-align-items: flex-end;
 }.ejEsuj { 
  display: -webkit-box; 
  display: -moz-box; 
  display: -ms-flexbox; 
  display: -webkit-flex; 
  display: flex;
  flex-wrap: wrap;
  -webkit-box-lines: multiple;
  -ms-flex-wrap: wrap;
  -webkit-flex-wrap: wrap;
  flex: 0 1 auto;
  -ms-flex: 0 1 auto;
  -webkit-flex: 0 1 auto;

  /* Reverse */
  

  /* Container for main views */
  
  

  /* Justify content, X axis aligment  */
  justify-content: flex-start;
  -webkit-box-pack: start;
  -ms-flex-pack: start;
  -webkit-justify-content: flex-start;
  /* Align items, Y axis */
  align-items: center;
  -webkit-box-align: center;
  -ms-flex-align: center;
  -webkit-align-items: center;
 }"
`;

exports[`<Row /> align end renders as expected 1`] = `
<div
  className="jmWRYR">
  Row
</div>
`;

exports[`<Row /> align end renders the proper styles 1`] = `
".gmahTy { 
  display: -webkit-box; 
  display: -moz-box; 
  display: -ms-flexbox; 
  display: -webkit-flex; 
  display: flex;
  flex-wrap: wrap;
  -webkit-box-lines: multiple;
  -ms-flex-wrap: wrap;
  -webkit-flex-wrap: wrap;
  flex: 0 1 auto;
  -ms-flex: 0 1 auto;
  -webkit-flex: 0 1 auto;

  /* Reverse */
  

  /* Container for main views */
  
  margin: 0 auto;

  /* Justify content, X axis aligment  */
  justify-content: flex-start;
  -webkit-box-pack: start;
  -ms-flex-pack: start;
  -webkit-justify-content: flex-start;
  /* Align items, Y axis */
  align-items: flex-start;
  -webkit-box-align: start;
  -ms-flex-align: start;
  -webkit-align-items: flex-start;
 }.gMYxYy { 
  display: -webkit-box; 
  display: -moz-box; 
  display: -ms-flexbox; 
  display: -webkit-flex; 
  display: flex;
  flex-wrap: wrap;
  -webkit-box-lines: multiple;
  -ms-flex-wrap: wrap;
  -webkit-flex-wrap: wrap;
  flex: 0 1 auto;
  -ms-flex: 0 1 auto;
  -webkit-flex: 0 1 auto;

  /* Reverse */
  

  /* Container for main views */
  
  width: 100%;
  max-width: 1200px;

  

  /* Justify content, X axis aligment  */
  justify-content: flex-start;
  -webkit-box-pack: start;
  -ms-flex-pack: start;
  -webkit-justify-content: flex-start;
  /* Align items, Y axis */
  align-items: flex-start;
  -webkit-box-align: start;
  -ms-flex-align: start;
  -webkit-align-items: flex-start;
 }.hENXnL { 
  display: -webkit-box; 
  display: -moz-box; 
  display: -ms-flexbox; 
  display: -webkit-flex; 
  display: flex;
  flex-wrap: wrap;
  -webkit-box-lines: multiple;
  -ms-flex-wrap: wrap;
  -webkit-flex-wrap: wrap;
  flex: 0 1 auto;
  -ms-flex: 0 1 auto;
  -webkit-flex: 0 1 auto;

  /* Reverse */
  

  /* Container for main views */
  
  

  /* Justify content, X axis aligment  */
  justify-content: flex-start;
  -webkit-box-pack: start;
  -ms-flex-pack: start;
  -webkit-justify-content: flex-start;
  /* Align items, Y axis */
  align-items: flex-start;
  -webkit-box-align: start;
  -ms-flex-align: start;
  -webkit-align-items: flex-start;
 }.bKorkv { 
  display: -webkit-box; 
  display: -moz-box; 
  display: -ms-flexbox; 
  display: -webkit-flex; 
  display: flex;
  flex-wrap: wrap;
  -webkit-box-lines: multiple;
  -ms-flex-wrap: wrap;
  -webkit-flex-wrap: wrap;
  flex: 0 1 auto;
  -ms-flex: 0 1 auto;
  -webkit-flex: 0 1 auto;

  /* Reverse */
  

  /* Container for main views */
  
  

  /* Justify content, X axis aligment  */
  justify-content: flex-end;
  -webkit-box-pack: end;
  -ms-flex-pack: end;
  -webkit-justify-content: flex-end;
  /* Align items, Y axis */
  align-items: flex-start;
  -webkit-box-align: start;
  -ms-flex-align: start;
  -webkit-align-items: flex-start;
 }.jDSNno { 
  display: -webkit-box; 
  display: -moz-box; 
  display: -ms-flexbox; 
  display: -webkit-flex; 
  display: flex;
  flex-wrap: wrap;
  -webkit-box-lines: multiple;
  -ms-flex-wrap: wrap;
  -webkit-flex-wrap: wrap;
  flex: 0 1 auto;
  -ms-flex: 0 1 auto;
  -webkit-flex: 0 1 auto;

  /* Reverse */
  

  /* Container for main views */
  
  

  /* Justify content, X axis aligment  */
  justify-content: center;
  -webkit-box-pack: center;
  -ms-flex-pack: center;
  -webkit-justify-content: center;
  /* Align items, Y axis */
  align-items: flex-start;
  -webkit-box-align: start;
  -ms-flex-align: start;
  -webkit-align-items: flex-start;
 }.kyrNXh { 
  display: -webkit-box; 
  display: -moz-box; 
  display: -ms-flexbox; 
  display: -webkit-flex; 
  display: flex;
  flex-wrap: wrap;
  -webkit-box-lines: multiple;
  -ms-flex-wrap: wrap;
  -webkit-flex-wrap: wrap;
  flex: 0 1 auto;
  -ms-flex: 0 1 auto;
  -webkit-flex: 0 1 auto;

  /* Reverse */
  

  /* Container for main views */
  
  

  /* Justify content, X axis aligment  */
  justify-content: space-between;
  -webkit-box-pack: justify;
  -ms-flex-pack: justify;
  -webkit-justify-content: space-between;
  /* Align items, Y axis */
  align-items: flex-start;
  -webkit-box-align: start;
  -ms-flex-align: start;
  -webkit-align-items: flex-start;
 }.dTDVAP { 
  display: -webkit-box; 
  display: -moz-box; 
  display: -ms-flexbox; 
  display: -webkit-flex; 
  display: flex;
  flex-wrap: wrap;
  -webkit-box-lines: multiple;
  -ms-flex-wrap: wrap;
  -webkit-flex-wrap: wrap;
  flex: 0 1 auto;
  -ms-flex: 0 1 auto;
  -webkit-flex: 0 1 auto;

  /* Reverse */
  

  /* Container for main views */
  
  

  /* Justify content, X axis aligment  */
  justify-content: space-around;
  -webkit-box-pack: justify;
  -ms-flex-pack: distribute;
  -webkit-justify-content: space-around;
  /* Align items, Y axis */
  align-items: flex-start;
  -webkit-box-align: start;
  -ms-flex-align: start;
  -webkit-align-items: flex-start;
 }.jmWRYR { 
  display: -webkit-box; 
  display: -moz-box; 
  display: -ms-flexbox; 
  display: -webkit-flex; 
  display: flex;
  flex-wrap: wrap;
  -webkit-box-lines: multiple;
  -ms-flex-wrap: wrap;
  -webkit-flex-wrap: wrap;
  flex: 0 1 auto;
  -ms-flex: 0 1 auto;
  -webkit-flex: 0 1 auto;

  /* Reverse */
  

  /* Container for main views */
  
  

  /* Justify content, X axis aligment  */
  justify-content: flex-start;
  -webkit-box-pack: start;
  -ms-flex-pack: start;
  -webkit-justify-content: flex-start;
  /* Align items, Y axis */
  align-items: flex-end;
  -webkit-box-align: end;
  -ms-flex-align: end;
  -webkit-align-items: flex-end;
 }"
`;

exports[`<Row /> align start renders as expected 1`] = `
<div
  className="hENXnL">
  Row
</div>
`;

exports[`<Row /> align start renders the proper styles 1`] = `
".gmahTy { 
  display: -webkit-box; 
  display: -moz-box; 
  display: -ms-flexbox; 
  display: -webkit-flex; 
  display: flex;
  flex-wrap: wrap;
  -webkit-box-lines: multiple;
  -ms-flex-wrap: wrap;
  -webkit-flex-wrap: wrap;
  flex: 0 1 auto;
  -ms-flex: 0 1 auto;
  -webkit-flex: 0 1 auto;

  /* Reverse */
  

  /* Container for main views */
  
  margin: 0 auto;

  /* Justify content, X axis aligment  */
  justify-content: flex-start;
  -webkit-box-pack: start;
  -ms-flex-pack: start;
  -webkit-justify-content: flex-start;
  /* Align items, Y axis */
  align-items: flex-start;
  -webkit-box-align: start;
  -ms-flex-align: start;
  -webkit-align-items: flex-start;
 }.gMYxYy { 
  display: -webkit-box; 
  display: -moz-box; 
  display: -ms-flexbox; 
  display: -webkit-flex; 
  display: flex;
  flex-wrap: wrap;
  -webkit-box-lines: multiple;
  -ms-flex-wrap: wrap;
  -webkit-flex-wrap: wrap;
  flex: 0 1 auto;
  -ms-flex: 0 1 auto;
  -webkit-flex: 0 1 auto;

  /* Reverse */
  

  /* Container for main views */
  
  width: 100%;
  max-width: 1200px;

  

  /* Justify content, X axis aligment  */
  justify-content: flex-start;
  -webkit-box-pack: start;
  -ms-flex-pack: start;
  -webkit-justify-content: flex-start;
  /* Align items, Y axis */
  align-items: flex-start;
  -webkit-box-align: start;
  -ms-flex-align: start;
  -webkit-align-items: flex-start;
 }.hENXnL { 
  display: -webkit-box; 
  display: -moz-box; 
  display: -ms-flexbox; 
  display: -webkit-flex; 
  display: flex;
  flex-wrap: wrap;
  -webkit-box-lines: multiple;
  -ms-flex-wrap: wrap;
  -webkit-flex-wrap: wrap;
  flex: 0 1 auto;
  -ms-flex: 0 1 auto;
  -webkit-flex: 0 1 auto;

  /* Reverse */
  

  /* Container for main views */
  
  

  /* Justify content, X axis aligment  */
  justify-content: flex-start;
  -webkit-box-pack: start;
  -ms-flex-pack: start;
  -webkit-justify-content: flex-start;
  /* Align items, Y axis */
  align-items: flex-start;
  -webkit-box-align: start;
  -ms-flex-align: start;
  -webkit-align-items: flex-start;
 }.bKorkv { 
  display: -webkit-box; 
  display: -moz-box; 
  display: -ms-flexbox; 
  display: -webkit-flex; 
  display: flex;
  flex-wrap: wrap;
  -webkit-box-lines: multiple;
  -ms-flex-wrap: wrap;
  -webkit-flex-wrap: wrap;
  flex: 0 1 auto;
  -ms-flex: 0 1 auto;
  -webkit-flex: 0 1 auto;

  /* Reverse */
  

  /* Container for main views */
  
  

  /* Justify content, X axis aligment  */
  justify-content: flex-end;
  -webkit-box-pack: end;
  -ms-flex-pack: end;
  -webkit-justify-content: flex-end;
  /* Align items, Y axis */
  align-items: flex-start;
  -webkit-box-align: start;
  -ms-flex-align: start;
  -webkit-align-items: flex-start;
 }.jDSNno { 
  display: -webkit-box; 
  display: -moz-box; 
  display: -ms-flexbox; 
  display: -webkit-flex; 
  display: flex;
  flex-wrap: wrap;
  -webkit-box-lines: multiple;
  -ms-flex-wrap: wrap;
  -webkit-flex-wrap: wrap;
  flex: 0 1 auto;
  -ms-flex: 0 1 auto;
  -webkit-flex: 0 1 auto;

  /* Reverse */
  

  /* Container for main views */
  
  

  /* Justify content, X axis aligment  */
  justify-content: center;
  -webkit-box-pack: center;
  -ms-flex-pack: center;
  -webkit-justify-content: center;
  /* Align items, Y axis */
  align-items: flex-start;
  -webkit-box-align: start;
  -ms-flex-align: start;
  -webkit-align-items: flex-start;
 }.kyrNXh { 
  display: -webkit-box; 
  display: -moz-box; 
  display: -ms-flexbox; 
  display: -webkit-flex; 
  display: flex;
  flex-wrap: wrap;
  -webkit-box-lines: multiple;
  -ms-flex-wrap: wrap;
  -webkit-flex-wrap: wrap;
  flex: 0 1 auto;
  -ms-flex: 0 1 auto;
  -webkit-flex: 0 1 auto;

  /* Reverse */
  

  /* Container for main views */
  
  

  /* Justify content, X axis aligment  */
  justify-content: space-between;
  -webkit-box-pack: justify;
  -ms-flex-pack: justify;
  -webkit-justify-content: space-between;
  /* Align items, Y axis */
  align-items: flex-start;
  -webkit-box-align: start;
  -ms-flex-align: start;
  -webkit-align-items: flex-start;
 }.dTDVAP { 
  display: -webkit-box; 
  display: -moz-box; 
  display: -ms-flexbox; 
  display: -webkit-flex; 
  display: flex;
  flex-wrap: wrap;
  -webkit-box-lines: multiple;
  -ms-flex-wrap: wrap;
  -webkit-flex-wrap: wrap;
  flex: 0 1 auto;
  -ms-flex: 0 1 auto;
  -webkit-flex: 0 1 auto;

  /* Reverse */
  

  /* Container for main views */
  
  

  /* Justify content, X axis aligment  */
  justify-content: space-around;
  -webkit-box-pack: justify;
  -ms-flex-pack: distribute;
  -webkit-justify-content: space-around;
  /* Align items, Y axis */
  align-items: flex-start;
  -webkit-box-align: start;
  -ms-flex-align: start;
  -webkit-align-items: flex-start;
 }"
`;

exports[`<Row /> align stretch renders as expected 1`] = `
<div
  className="OjDrt">
  Row
</div>
`;

exports[`<Row /> align stretch renders the proper styles 1`] = `
".gmahTy { 
  display: -webkit-box; 
  display: -moz-box; 
  display: -ms-flexbox; 
  display: -webkit-flex; 
  display: flex;
  flex-wrap: wrap;
  -webkit-box-lines: multiple;
  -ms-flex-wrap: wrap;
  -webkit-flex-wrap: wrap;
  flex: 0 1 auto;
  -ms-flex: 0 1 auto;
  -webkit-flex: 0 1 auto;

  /* Reverse */
  

  /* Container for main views */
  
  margin: 0 auto;

  /* Justify content, X axis aligment  */
  justify-content: flex-start;
  -webkit-box-pack: start;
  -ms-flex-pack: start;
  -webkit-justify-content: flex-start;
  /* Align items, Y axis */
  align-items: flex-start;
  -webkit-box-align: start;
  -ms-flex-align: start;
  -webkit-align-items: flex-start;
 }.gMYxYy { 
  display: -webkit-box; 
  display: -moz-box; 
  display: -ms-flexbox; 
  display: -webkit-flex; 
  display: flex;
  flex-wrap: wrap;
  -webkit-box-lines: multiple;
  -ms-flex-wrap: wrap;
  -webkit-flex-wrap: wrap;
  flex: 0 1 auto;
  -ms-flex: 0 1 auto;
  -webkit-flex: 0 1 auto;

  /* Reverse */
  

  /* Container for main views */
  
  width: 100%;
  max-width: 1200px;

  

  /* Justify content, X axis aligment  */
  justify-content: flex-start;
  -webkit-box-pack: start;
  -ms-flex-pack: start;
  -webkit-justify-content: flex-start;
  /* Align items, Y axis */
  align-items: flex-start;
  -webkit-box-align: start;
  -ms-flex-align: start;
  -webkit-align-items: flex-start;
 }.hENXnL { 
  display: -webkit-box; 
  display: -moz-box; 
  display: -ms-flexbox; 
  display: -webkit-flex; 
  display: flex;
  flex-wrap: wrap;
  -webkit-box-lines: multiple;
  -ms-flex-wrap: wrap;
  -webkit-flex-wrap: wrap;
  flex: 0 1 auto;
  -ms-flex: 0 1 auto;
  -webkit-flex: 0 1 auto;

  /* Reverse */
  

  /* Container for main views */
  
  

  /* Justify content, X axis aligment  */
  justify-content: flex-start;
  -webkit-box-pack: start;
  -ms-flex-pack: start;
  -webkit-justify-content: flex-start;
  /* Align items, Y axis */
  align-items: flex-start;
  -webkit-box-align: start;
  -ms-flex-align: start;
  -webkit-align-items: flex-start;
 }.bKorkv { 
  display: -webkit-box; 
  display: -moz-box; 
  display: -ms-flexbox; 
  display: -webkit-flex; 
  display: flex;
  flex-wrap: wrap;
  -webkit-box-lines: multiple;
  -ms-flex-wrap: wrap;
  -webkit-flex-wrap: wrap;
  flex: 0 1 auto;
  -ms-flex: 0 1 auto;
  -webkit-flex: 0 1 auto;

  /* Reverse */
  

  /* Container for main views */
  
  

  /* Justify content, X axis aligment  */
  justify-content: flex-end;
  -webkit-box-pack: end;
  -ms-flex-pack: end;
  -webkit-justify-content: flex-end;
  /* Align items, Y axis */
  align-items: flex-start;
  -webkit-box-align: start;
  -ms-flex-align: start;
  -webkit-align-items: flex-start;
 }.jDSNno { 
  display: -webkit-box; 
  display: -moz-box; 
  display: -ms-flexbox; 
  display: -webkit-flex; 
  display: flex;
  flex-wrap: wrap;
  -webkit-box-lines: multiple;
  -ms-flex-wrap: wrap;
  -webkit-flex-wrap: wrap;
  flex: 0 1 auto;
  -ms-flex: 0 1 auto;
  -webkit-flex: 0 1 auto;

  /* Reverse */
  

  /* Container for main views */
  
  

  /* Justify content, X axis aligment  */
  justify-content: center;
  -webkit-box-pack: center;
  -ms-flex-pack: center;
  -webkit-justify-content: center;
  /* Align items, Y axis */
  align-items: flex-start;
  -webkit-box-align: start;
  -ms-flex-align: start;
  -webkit-align-items: flex-start;
 }.kyrNXh { 
  display: -webkit-box; 
  display: -moz-box; 
  display: -ms-flexbox; 
  display: -webkit-flex; 
  display: flex;
  flex-wrap: wrap;
  -webkit-box-lines: multiple;
  -ms-flex-wrap: wrap;
  -webkit-flex-wrap: wrap;
  flex: 0 1 auto;
  -ms-flex: 0 1 auto;
  -webkit-flex: 0 1 auto;

  /* Reverse */
  

  /* Container for main views */
  
  

  /* Justify content, X axis aligment  */
  justify-content: space-between;
  -webkit-box-pack: justify;
  -ms-flex-pack: justify;
  -webkit-justify-content: space-between;
  /* Align items, Y axis */
  align-items: flex-start;
  -webkit-box-align: start;
  -ms-flex-align: start;
  -webkit-align-items: flex-start;
 }.dTDVAP { 
  display: -webkit-box; 
  display: -moz-box; 
  display: -ms-flexbox; 
  display: -webkit-flex; 
  display: flex;
  flex-wrap: wrap;
  -webkit-box-lines: multiple;
  -ms-flex-wrap: wrap;
  -webkit-flex-wrap: wrap;
  flex: 0 1 auto;
  -ms-flex: 0 1 auto;
  -webkit-flex: 0 1 auto;

  /* Reverse */
  

  /* Container for main views */
  
  

  /* Justify content, X axis aligment  */
  justify-content: space-around;
  -webkit-box-pack: justify;
  -ms-flex-pack: distribute;
  -webkit-justify-content: space-around;
  /* Align items, Y axis */
  align-items: flex-start;
  -webkit-box-align: start;
  -ms-flex-align: start;
  -webkit-align-items: flex-start;
 }.jmWRYR { 
  display: -webkit-box; 
  display: -moz-box; 
  display: -ms-flexbox; 
  display: -webkit-flex; 
  display: flex;
  flex-wrap: wrap;
  -webkit-box-lines: multiple;
  -ms-flex-wrap: wrap;
  -webkit-flex-wrap: wrap;
  flex: 0 1 auto;
  -ms-flex: 0 1 auto;
  -webkit-flex: 0 1 auto;

  /* Reverse */
  

  /* Container for main views */
  
  

  /* Justify content, X axis aligment  */
  justify-content: flex-start;
  -webkit-box-pack: start;
  -ms-flex-pack: start;
  -webkit-justify-content: flex-start;
  /* Align items, Y axis */
  align-items: flex-end;
  -webkit-box-align: end;
  -ms-flex-align: end;
  -webkit-align-items: flex-end;
 }.ejEsuj { 
  display: -webkit-box; 
  display: -moz-box; 
  display: -ms-flexbox; 
  display: -webkit-flex; 
  display: flex;
  flex-wrap: wrap;
  -webkit-box-lines: multiple;
  -ms-flex-wrap: wrap;
  -webkit-flex-wrap: wrap;
  flex: 0 1 auto;
  -ms-flex: 0 1 auto;
  -webkit-flex: 0 1 auto;

  /* Reverse */
  

  /* Container for main views */
  
  

  /* Justify content, X axis aligment  */
  justify-content: flex-start;
  -webkit-box-pack: start;
  -ms-flex-pack: start;
  -webkit-justify-content: flex-start;
  /* Align items, Y axis */
  align-items: center;
  -webkit-box-align: center;
  -ms-flex-align: center;
  -webkit-align-items: center;
 }.OjDrt { 
  display: -webkit-box; 
  display: -moz-box; 
  display: -ms-flexbox; 
  display: -webkit-flex; 
  display: flex;
  flex-wrap: wrap;
  -webkit-box-lines: multiple;
  -ms-flex-wrap: wrap;
  -webkit-flex-wrap: wrap;
  flex: 0 1 auto;
  -ms-flex: 0 1 auto;
  -webkit-flex: 0 1 auto;

  /* Reverse */
  

  /* Container for main views */
  
  

  /* Justify content, X axis aligment  */
  justify-content: flex-start;
  -webkit-box-pack: start;
  -ms-flex-pack: start;
  -webkit-justify-content: flex-start;
  /* Align items, Y axis */
  align-items: stretch;
  -webkit-box-align: stretch;
  -ms-flex-align: stretch;
  -webkit-align-items: stretch;
 }"
`;

exports[`<Row /> centered row renders as expected 1`] = `
<div
  className="gmahTy">
  Row
</div>
`;

exports[`<Row /> centered row renders the proper styles 1`] = `
".gmahTy { 
  display: -webkit-box; 
  display: -moz-box; 
  display: -ms-flexbox; 
  display: -webkit-flex; 
  display: flex;
  flex-wrap: wrap;
  -webkit-box-lines: multiple;
  -ms-flex-wrap: wrap;
  -webkit-flex-wrap: wrap;
  flex: 0 1 auto;
  -ms-flex: 0 1 auto;
  -webkit-flex: 0 1 auto;

  /* Reverse */
  

  /* Container for main views */
  
  margin: 0 auto;

  /* Justify content, X axis aligment  */
  justify-content: flex-start;
  -webkit-box-pack: start;
  -ms-flex-pack: start;
  -webkit-justify-content: flex-start;
  /* Align items, Y axis */
  align-items: flex-start;
  -webkit-box-align: start;
  -ms-flex-align: start;
  -webkit-align-items: flex-start;
 }"
`;

exports[`<Row /> container row renders as expected 1`] = `
<div
  className="gMYxYy">
  Row
</div>
`;

exports[`<Row /> container row renders the proper styles 1`] = `
".gmahTy { 
  display: -webkit-box; 
  display: -moz-box; 
  display: -ms-flexbox; 
  display: -webkit-flex; 
  display: flex;
  flex-wrap: wrap;
  -webkit-box-lines: multiple;
  -ms-flex-wrap: wrap;
  -webkit-flex-wrap: wrap;
  flex: 0 1 auto;
  -ms-flex: 0 1 auto;
  -webkit-flex: 0 1 auto;

  /* Reverse */
  

  /* Container for main views */
  
  margin: 0 auto;

  /* Justify content, X axis aligment  */
  justify-content: flex-start;
  -webkit-box-pack: start;
  -ms-flex-pack: start;
  -webkit-justify-content: flex-start;
  /* Align items, Y axis */
  align-items: flex-start;
  -webkit-box-align: start;
  -ms-flex-align: start;
  -webkit-align-items: flex-start;
 }.gMYxYy { 
  display: -webkit-box; 
  display: -moz-box; 
  display: -ms-flexbox; 
  display: -webkit-flex; 
  display: flex;
  flex-wrap: wrap;
  -webkit-box-lines: multiple;
  -ms-flex-wrap: wrap;
  -webkit-flex-wrap: wrap;
  flex: 0 1 auto;
  -ms-flex: 0 1 auto;
  -webkit-flex: 0 1 auto;

  /* Reverse */
  

  /* Container for main views */
  
  width: 100%;
  max-width: 1200px;

  

  /* Justify content, X axis aligment  */
  justify-content: flex-start;
  -webkit-box-pack: start;
  -ms-flex-pack: start;
  -webkit-justify-content: flex-start;
  /* Align items, Y axis */
  align-items: flex-start;
  -webkit-box-align: start;
  -ms-flex-align: start;
  -webkit-align-items: flex-start;
 }"
`;

exports[`<Row /> justify around renders as expected 1`] = `
<div
  className="dTDVAP">
  Row
</div>
`;

exports[`<Row /> justify around renders the proper styles 1`] = `
".gmahTy { 
  display: -webkit-box; 
  display: -moz-box; 
  display: -ms-flexbox; 
  display: -webkit-flex; 
  display: flex;
  flex-wrap: wrap;
  -webkit-box-lines: multiple;
  -ms-flex-wrap: wrap;
  -webkit-flex-wrap: wrap;
  flex: 0 1 auto;
  -ms-flex: 0 1 auto;
  -webkit-flex: 0 1 auto;

  /* Reverse */
  

  /* Container for main views */
  
  margin: 0 auto;

  /* Justify content, X axis aligment  */
  justify-content: flex-start;
  -webkit-box-pack: start;
  -ms-flex-pack: start;
  -webkit-justify-content: flex-start;
  /* Align items, Y axis */
  align-items: flex-start;
  -webkit-box-align: start;
  -ms-flex-align: start;
  -webkit-align-items: flex-start;
 }.gMYxYy { 
  display: -webkit-box; 
  display: -moz-box; 
  display: -ms-flexbox; 
  display: -webkit-flex; 
  display: flex;
  flex-wrap: wrap;
  -webkit-box-lines: multiple;
  -ms-flex-wrap: wrap;
  -webkit-flex-wrap: wrap;
  flex: 0 1 auto;
  -ms-flex: 0 1 auto;
  -webkit-flex: 0 1 auto;

  /* Reverse */
  

  /* Container for main views */
  
  width: 100%;
  max-width: 1200px;

  

  /* Justify content, X axis aligment  */
  justify-content: flex-start;
  -webkit-box-pack: start;
  -ms-flex-pack: start;
  -webkit-justify-content: flex-start;
  /* Align items, Y axis */
  align-items: flex-start;
  -webkit-box-align: start;
  -ms-flex-align: start;
  -webkit-align-items: flex-start;
 }.hENXnL { 
  display: -webkit-box; 
  display: -moz-box; 
  display: -ms-flexbox; 
  display: -webkit-flex; 
  display: flex;
  flex-wrap: wrap;
  -webkit-box-lines: multiple;
  -ms-flex-wrap: wrap;
  -webkit-flex-wrap: wrap;
  flex: 0 1 auto;
  -ms-flex: 0 1 auto;
  -webkit-flex: 0 1 auto;

  /* Reverse */
  

  /* Container for main views */
  
  

  /* Justify content, X axis aligment  */
  justify-content: flex-start;
  -webkit-box-pack: start;
  -ms-flex-pack: start;
  -webkit-justify-content: flex-start;
  /* Align items, Y axis */
  align-items: flex-start;
  -webkit-box-align: start;
  -ms-flex-align: start;
  -webkit-align-items: flex-start;
 }.bKorkv { 
  display: -webkit-box; 
  display: -moz-box; 
  display: -ms-flexbox; 
  display: -webkit-flex; 
  display: flex;
  flex-wrap: wrap;
  -webkit-box-lines: multiple;
  -ms-flex-wrap: wrap;
  -webkit-flex-wrap: wrap;
  flex: 0 1 auto;
  -ms-flex: 0 1 auto;
  -webkit-flex: 0 1 auto;

  /* Reverse */
  

  /* Container for main views */
  
  

  /* Justify content, X axis aligment  */
  justify-content: flex-end;
  -webkit-box-pack: end;
  -ms-flex-pack: end;
  -webkit-justify-content: flex-end;
  /* Align items, Y axis */
  align-items: flex-start;
  -webkit-box-align: start;
  -ms-flex-align: start;
  -webkit-align-items: flex-start;
 }.jDSNno { 
  display: -webkit-box; 
  display: -moz-box; 
  display: -ms-flexbox; 
  display: -webkit-flex; 
  display: flex;
  flex-wrap: wrap;
  -webkit-box-lines: multiple;
  -ms-flex-wrap: wrap;
  -webkit-flex-wrap: wrap;
  flex: 0 1 auto;
  -ms-flex: 0 1 auto;
  -webkit-flex: 0 1 auto;

  /* Reverse */
  

  /* Container for main views */
  
  

  /* Justify content, X axis aligment  */
  justify-content: center;
  -webkit-box-pack: center;
  -ms-flex-pack: center;
  -webkit-justify-content: center;
  /* Align items, Y axis */
  align-items: flex-start;
  -webkit-box-align: start;
  -ms-flex-align: start;
  -webkit-align-items: flex-start;
 }.kyrNXh { 
  display: -webkit-box; 
  display: -moz-box; 
  display: -ms-flexbox; 
  display: -webkit-flex; 
  display: flex;
  flex-wrap: wrap;
  -webkit-box-lines: multiple;
  -ms-flex-wrap: wrap;
  -webkit-flex-wrap: wrap;
  flex: 0 1 auto;
  -ms-flex: 0 1 auto;
  -webkit-flex: 0 1 auto;

  /* Reverse */
  

  /* Container for main views */
  
  

  /* Justify content, X axis aligment  */
  justify-content: space-between;
  -webkit-box-pack: justify;
  -ms-flex-pack: justify;
  -webkit-justify-content: space-between;
  /* Align items, Y axis */
  align-items: flex-start;
  -webkit-box-align: start;
  -ms-flex-align: start;
  -webkit-align-items: flex-start;
 }.dTDVAP { 
  display: -webkit-box; 
  display: -moz-box; 
  display: -ms-flexbox; 
  display: -webkit-flex; 
  display: flex;
  flex-wrap: wrap;
  -webkit-box-lines: multiple;
  -ms-flex-wrap: wrap;
  -webkit-flex-wrap: wrap;
  flex: 0 1 auto;
  -ms-flex: 0 1 auto;
  -webkit-flex: 0 1 auto;

  /* Reverse */
  

  /* Container for main views */
  
  

  /* Justify content, X axis aligment  */
  justify-content: space-around;
  -webkit-box-pack: justify;
  -ms-flex-pack: distribute;
  -webkit-justify-content: space-around;
  /* Align items, Y axis */
  align-items: flex-start;
  -webkit-box-align: start;
  -ms-flex-align: start;
  -webkit-align-items: flex-start;
 }"
`;

exports[`<Row /> justify between renders as expected 1`] = `
<div
  className="kyrNXh">
  Row
</div>
`;

exports[`<Row /> justify between renders the proper styles 1`] = `
".gmahTy { 
  display: -webkit-box; 
  display: -moz-box; 
  display: -ms-flexbox; 
  display: -webkit-flex; 
  display: flex;
  flex-wrap: wrap;
  -webkit-box-lines: multiple;
  -ms-flex-wrap: wrap;
  -webkit-flex-wrap: wrap;
  flex: 0 1 auto;
  -ms-flex: 0 1 auto;
  -webkit-flex: 0 1 auto;

  /* Reverse */
  

  /* Container for main views */
  
  margin: 0 auto;

  /* Justify content, X axis aligment  */
  justify-content: flex-start;
  -webkit-box-pack: start;
  -ms-flex-pack: start;
  -webkit-justify-content: flex-start;
  /* Align items, Y axis */
  align-items: flex-start;
  -webkit-box-align: start;
  -ms-flex-align: start;
  -webkit-align-items: flex-start;
 }.gMYxYy { 
  display: -webkit-box; 
  display: -moz-box; 
  display: -ms-flexbox; 
  display: -webkit-flex; 
  display: flex;
  flex-wrap: wrap;
  -webkit-box-lines: multiple;
  -ms-flex-wrap: wrap;
  -webkit-flex-wrap: wrap;
  flex: 0 1 auto;
  -ms-flex: 0 1 auto;
  -webkit-flex: 0 1 auto;

  /* Reverse */
  

  /* Container for main views */
  
  width: 100%;
  max-width: 1200px;

  

  /* Justify content, X axis aligment  */
  justify-content: flex-start;
  -webkit-box-pack: start;
  -ms-flex-pack: start;
  -webkit-justify-content: flex-start;
  /* Align items, Y axis */
  align-items: flex-start;
  -webkit-box-align: start;
  -ms-flex-align: start;
  -webkit-align-items: flex-start;
 }.hENXnL { 
  display: -webkit-box; 
  display: -moz-box; 
  display: -ms-flexbox; 
  display: -webkit-flex; 
  display: flex;
  flex-wrap: wrap;
  -webkit-box-lines: multiple;
  -ms-flex-wrap: wrap;
  -webkit-flex-wrap: wrap;
  flex: 0 1 auto;
  -ms-flex: 0 1 auto;
  -webkit-flex: 0 1 auto;

  /* Reverse */
  

  /* Container for main views */
  
  

  /* Justify content, X axis aligment  */
  justify-content: flex-start;
  -webkit-box-pack: start;
  -ms-flex-pack: start;
  -webkit-justify-content: flex-start;
  /* Align items, Y axis */
  align-items: flex-start;
  -webkit-box-align: start;
  -ms-flex-align: start;
  -webkit-align-items: flex-start;
 }.bKorkv { 
  display: -webkit-box; 
  display: -moz-box; 
  display: -ms-flexbox; 
  display: -webkit-flex; 
  display: flex;
  flex-wrap: wrap;
  -webkit-box-lines: multiple;
  -ms-flex-wrap: wrap;
  -webkit-flex-wrap: wrap;
  flex: 0 1 auto;
  -ms-flex: 0 1 auto;
  -webkit-flex: 0 1 auto;

  /* Reverse */
  

  /* Container for main views */
  
  

  /* Justify content, X axis aligment  */
  justify-content: flex-end;
  -webkit-box-pack: end;
  -ms-flex-pack: end;
  -webkit-justify-content: flex-end;
  /* Align items, Y axis */
  align-items: flex-start;
  -webkit-box-align: start;
  -ms-flex-align: start;
  -webkit-align-items: flex-start;
 }.jDSNno { 
  display: -webkit-box; 
  display: -moz-box; 
  display: -ms-flexbox; 
  display: -webkit-flex; 
  display: flex;
  flex-wrap: wrap;
  -webkit-box-lines: multiple;
  -ms-flex-wrap: wrap;
  -webkit-flex-wrap: wrap;
  flex: 0 1 auto;
  -ms-flex: 0 1 auto;
  -webkit-flex: 0 1 auto;

  /* Reverse */
  

  /* Container for main views */
  
  

  /* Justify content, X axis aligment  */
  justify-content: center;
  -webkit-box-pack: center;
  -ms-flex-pack: center;
  -webkit-justify-content: center;
  /* Align items, Y axis */
  align-items: flex-start;
  -webkit-box-align: start;
  -ms-flex-align: start;
  -webkit-align-items: flex-start;
 }.kyrNXh { 
  display: -webkit-box; 
  display: -moz-box; 
  display: -ms-flexbox; 
  display: -webkit-flex; 
  display: flex;
  flex-wrap: wrap;
  -webkit-box-lines: multiple;
  -ms-flex-wrap: wrap;
  -webkit-flex-wrap: wrap;
  flex: 0 1 auto;
  -ms-flex: 0 1 auto;
  -webkit-flex: 0 1 auto;

  /* Reverse */
  

  /* Container for main views */
  
  

  /* Justify content, X axis aligment  */
  justify-content: space-between;
  -webkit-box-pack: justify;
  -ms-flex-pack: justify;
  -webkit-justify-content: space-between;
  /* Align items, Y axis */
  align-items: flex-start;
  -webkit-box-align: start;
  -ms-flex-align: start;
  -webkit-align-items: flex-start;
 }"
`;

exports[`<Row /> justify center renders as expected 1`] = `
<div
  className="jDSNno">
  Row
</div>
`;

exports[`<Row /> justify center renders the proper styles 1`] = `
".gmahTy { 
  display: -webkit-box; 
  display: -moz-box; 
  display: -ms-flexbox; 
  display: -webkit-flex; 
  display: flex;
  flex-wrap: wrap;
  -webkit-box-lines: multiple;
  -ms-flex-wrap: wrap;
  -webkit-flex-wrap: wrap;
  flex: 0 1 auto;
  -ms-flex: 0 1 auto;
  -webkit-flex: 0 1 auto;

  /* Reverse */
  

  /* Container for main views */
  
  margin: 0 auto;

  /* Justify content, X axis aligment  */
  justify-content: flex-start;
  -webkit-box-pack: start;
  -ms-flex-pack: start;
  -webkit-justify-content: flex-start;
  /* Align items, Y axis */
  align-items: flex-start;
  -webkit-box-align: start;
  -ms-flex-align: start;
  -webkit-align-items: flex-start;
 }.gMYxYy { 
  display: -webkit-box; 
  display: -moz-box; 
  display: -ms-flexbox; 
  display: -webkit-flex; 
  display: flex;
  flex-wrap: wrap;
  -webkit-box-lines: multiple;
  -ms-flex-wrap: wrap;
  -webkit-flex-wrap: wrap;
  flex: 0 1 auto;
  -ms-flex: 0 1 auto;
  -webkit-flex: 0 1 auto;

  /* Reverse */
  

  /* Container for main views */
  
  width: 100%;
  max-width: 1200px;

  

  /* Justify content, X axis aligment  */
  justify-content: flex-start;
  -webkit-box-pack: start;
  -ms-flex-pack: start;
  -webkit-justify-content: flex-start;
  /* Align items, Y axis */
  align-items: flex-start;
  -webkit-box-align: start;
  -ms-flex-align: start;
  -webkit-align-items: flex-start;
 }.hENXnL { 
  display: -webkit-box; 
  display: -moz-box; 
  display: -ms-flexbox; 
  display: -webkit-flex; 
  display: flex;
  flex-wrap: wrap;
  -webkit-box-lines: multiple;
  -ms-flex-wrap: wrap;
  -webkit-flex-wrap: wrap;
  flex: 0 1 auto;
  -ms-flex: 0 1 auto;
  -webkit-flex: 0 1 auto;

  /* Reverse */
  

  /* Container for main views */
  
  

  /* Justify content, X axis aligment  */
  justify-content: flex-start;
  -webkit-box-pack: start;
  -ms-flex-pack: start;
  -webkit-justify-content: flex-start;
  /* Align items, Y axis */
  align-items: flex-start;
  -webkit-box-align: start;
  -ms-flex-align: start;
  -webkit-align-items: flex-start;
 }.bKorkv { 
  display: -webkit-box; 
  display: -moz-box; 
  display: -ms-flexbox; 
  display: -webkit-flex; 
  display: flex;
  flex-wrap: wrap;
  -webkit-box-lines: multiple;
  -ms-flex-wrap: wrap;
  -webkit-flex-wrap: wrap;
  flex: 0 1 auto;
  -ms-flex: 0 1 auto;
  -webkit-flex: 0 1 auto;

  /* Reverse */
  

  /* Container for main views */
  
  

  /* Justify content, X axis aligment  */
  justify-content: flex-end;
  -webkit-box-pack: end;
  -ms-flex-pack: end;
  -webkit-justify-content: flex-end;
  /* Align items, Y axis */
  align-items: flex-start;
  -webkit-box-align: start;
  -ms-flex-align: start;
  -webkit-align-items: flex-start;
 }.jDSNno { 
  display: -webkit-box; 
  display: -moz-box; 
  display: -ms-flexbox; 
  display: -webkit-flex; 
  display: flex;
  flex-wrap: wrap;
  -webkit-box-lines: multiple;
  -ms-flex-wrap: wrap;
  -webkit-flex-wrap: wrap;
  flex: 0 1 auto;
  -ms-flex: 0 1 auto;
  -webkit-flex: 0 1 auto;

  /* Reverse */
  

  /* Container for main views */
  
  

  /* Justify content, X axis aligment  */
  justify-content: center;
  -webkit-box-pack: center;
  -ms-flex-pack: center;
  -webkit-justify-content: center;
  /* Align items, Y axis */
  align-items: flex-start;
  -webkit-box-align: start;
  -ms-flex-align: start;
  -webkit-align-items: flex-start;
 }"
`;

exports[`<Row /> justify end renders as expected 1`] = `
<div
  className="bKorkv">
  Row
</div>
`;

exports[`<Row /> justify end renders the proper styles 1`] = `
".gmahTy { 
  display: -webkit-box; 
  display: -moz-box; 
  display: -ms-flexbox; 
  display: -webkit-flex; 
  display: flex;
  flex-wrap: wrap;
  -webkit-box-lines: multiple;
  -ms-flex-wrap: wrap;
  -webkit-flex-wrap: wrap;
  flex: 0 1 auto;
  -ms-flex: 0 1 auto;
  -webkit-flex: 0 1 auto;

  /* Reverse */
  

  /* Container for main views */
  
  margin: 0 auto;

  /* Justify content, X axis aligment  */
  justify-content: flex-start;
  -webkit-box-pack: start;
  -ms-flex-pack: start;
  -webkit-justify-content: flex-start;
  /* Align items, Y axis */
  align-items: flex-start;
  -webkit-box-align: start;
  -ms-flex-align: start;
  -webkit-align-items: flex-start;
 }.gMYxYy { 
  display: -webkit-box; 
  display: -moz-box; 
  display: -ms-flexbox; 
  display: -webkit-flex; 
  display: flex;
  flex-wrap: wrap;
  -webkit-box-lines: multiple;
  -ms-flex-wrap: wrap;
  -webkit-flex-wrap: wrap;
  flex: 0 1 auto;
  -ms-flex: 0 1 auto;
  -webkit-flex: 0 1 auto;

  /* Reverse */
  

  /* Container for main views */
  
  width: 100%;
  max-width: 1200px;

  

  /* Justify content, X axis aligment  */
  justify-content: flex-start;
  -webkit-box-pack: start;
  -ms-flex-pack: start;
  -webkit-justify-content: flex-start;
  /* Align items, Y axis */
  align-items: flex-start;
  -webkit-box-align: start;
  -ms-flex-align: start;
  -webkit-align-items: flex-start;
 }.hENXnL { 
  display: -webkit-box; 
  display: -moz-box; 
  display: -ms-flexbox; 
  display: -webkit-flex; 
  display: flex;
  flex-wrap: wrap;
  -webkit-box-lines: multiple;
  -ms-flex-wrap: wrap;
  -webkit-flex-wrap: wrap;
  flex: 0 1 auto;
  -ms-flex: 0 1 auto;
  -webkit-flex: 0 1 auto;

  /* Reverse */
  

  /* Container for main views */
  
  

  /* Justify content, X axis aligment  */
  justify-content: flex-start;
  -webkit-box-pack: start;
  -ms-flex-pack: start;
  -webkit-justify-content: flex-start;
  /* Align items, Y axis */
  align-items: flex-start;
  -webkit-box-align: start;
  -ms-flex-align: start;
  -webkit-align-items: flex-start;
 }.bKorkv { 
  display: -webkit-box; 
  display: -moz-box; 
  display: -ms-flexbox; 
  display: -webkit-flex; 
  display: flex;
  flex-wrap: wrap;
  -webkit-box-lines: multiple;
  -ms-flex-wrap: wrap;
  -webkit-flex-wrap: wrap;
  flex: 0 1 auto;
  -ms-flex: 0 1 auto;
  -webkit-flex: 0 1 auto;

  /* Reverse */
  

  /* Container for main views */
  
  

  /* Justify content, X axis aligment  */
  justify-content: flex-end;
  -webkit-box-pack: end;
  -ms-flex-pack: end;
  -webkit-justify-content: flex-end;
  /* Align items, Y axis */
  align-items: flex-start;
  -webkit-box-align: start;
  -ms-flex-align: start;
  -webkit-align-items: flex-start;
 }"
`;

exports[`<Row /> justify start renders as expected 1`] = `
<div
  className="hENXnL">
  Row
</div>
`;

exports[`<Row /> justify start renders the proper styles 1`] = `
".gmahTy { 
  display: -webkit-box; 
  display: -moz-box; 
  display: -ms-flexbox; 
  display: -webkit-flex; 
  display: flex;
  flex-wrap: wrap;
  -webkit-box-lines: multiple;
  -ms-flex-wrap: wrap;
  -webkit-flex-wrap: wrap;
  flex: 0 1 auto;
  -ms-flex: 0 1 auto;
  -webkit-flex: 0 1 auto;

  /* Reverse */
  

  /* Container for main views */
  
  margin: 0 auto;

  /* Justify content, X axis aligment  */
  justify-content: flex-start;
  -webkit-box-pack: start;
  -ms-flex-pack: start;
  -webkit-justify-content: flex-start;
  /* Align items, Y axis */
  align-items: flex-start;
  -webkit-box-align: start;
  -ms-flex-align: start;
  -webkit-align-items: flex-start;
 }.gMYxYy { 
  display: -webkit-box; 
  display: -moz-box; 
  display: -ms-flexbox; 
  display: -webkit-flex; 
  display: flex;
  flex-wrap: wrap;
  -webkit-box-lines: multiple;
  -ms-flex-wrap: wrap;
  -webkit-flex-wrap: wrap;
  flex: 0 1 auto;
  -ms-flex: 0 1 auto;
  -webkit-flex: 0 1 auto;

  /* Reverse */
  

  /* Container for main views */
  
  width: 100%;
  max-width: 1200px;

  

  /* Justify content, X axis aligment  */
  justify-content: flex-start;
  -webkit-box-pack: start;
  -ms-flex-pack: start;
  -webkit-justify-content: flex-start;
  /* Align items, Y axis */
  align-items: flex-start;
  -webkit-box-align: start;
  -ms-flex-align: start;
  -webkit-align-items: flex-start;
 }.hENXnL { 
  display: -webkit-box; 
  display: -moz-box; 
  display: -ms-flexbox; 
  display: -webkit-flex; 
  display: flex;
  flex-wrap: wrap;
  -webkit-box-lines: multiple;
  -ms-flex-wrap: wrap;
  -webkit-flex-wrap: wrap;
  flex: 0 1 auto;
  -ms-flex: 0 1 auto;
  -webkit-flex: 0 1 auto;

  /* Reverse */
  

  /* Container for main views */
  
  

  /* Justify content, X axis aligment  */
  justify-content: flex-start;
  -webkit-box-pack: start;
  -ms-flex-pack: start;
  -webkit-justify-content: flex-start;
  /* Align items, Y axis */
  align-items: flex-start;
  -webkit-box-align: start;
  -ms-flex-align: start;
  -webkit-align-items: flex-start;
 }"
`;

exports[`<Row /> reversed row renders as expected 1`] = `
<div
  className="iahwBf">
  Row
</div>
`;

exports[`<Row /> reversed row renders the proper styles 1`] = `
".gmahTy { 
  display: -webkit-box; 
  display: -moz-box; 
  display: -ms-flexbox; 
  display: -webkit-flex; 
  display: flex;
  flex-wrap: wrap;
  -webkit-box-lines: multiple;
  -ms-flex-wrap: wrap;
  -webkit-flex-wrap: wrap;
  flex: 0 1 auto;
  -ms-flex: 0 1 auto;
  -webkit-flex: 0 1 auto;

  /* Reverse */
  

  /* Container for main views */
  
  margin: 0 auto;

  /* Justify content, X axis aligment  */
  justify-content: flex-start;
  -webkit-box-pack: start;
  -ms-flex-pack: start;
  -webkit-justify-content: flex-start;
  /* Align items, Y axis */
  align-items: flex-start;
  -webkit-box-align: start;
  -ms-flex-align: start;
  -webkit-align-items: flex-start;
 }.gMYxYy { 
  display: -webkit-box; 
  display: -moz-box; 
  display: -ms-flexbox; 
  display: -webkit-flex; 
  display: flex;
  flex-wrap: wrap;
  -webkit-box-lines: multiple;
  -ms-flex-wrap: wrap;
  -webkit-flex-wrap: wrap;
  flex: 0 1 auto;
  -ms-flex: 0 1 auto;
  -webkit-flex: 0 1 auto;

  /* Reverse */
  

  /* Container for main views */
  
  width: 100%;
  max-width: 1200px;

  

  /* Justify content, X axis aligment  */
  justify-content: flex-start;
  -webkit-box-pack: start;
  -ms-flex-pack: start;
  -webkit-justify-content: flex-start;
  /* Align items, Y axis */
  align-items: flex-start;
  -webkit-box-align: start;
  -ms-flex-align: start;
  -webkit-align-items: flex-start;
 }.hENXnL { 
  display: -webkit-box; 
  display: -moz-box; 
  display: -ms-flexbox; 
  display: -webkit-flex; 
  display: flex;
  flex-wrap: wrap;
  -webkit-box-lines: multiple;
  -ms-flex-wrap: wrap;
  -webkit-flex-wrap: wrap;
  flex: 0 1 auto;
  -ms-flex: 0 1 auto;
  -webkit-flex: 0 1 auto;

  /* Reverse */
  

  /* Container for main views */
  
  

  /* Justify content, X axis aligment  */
  justify-content: flex-start;
  -webkit-box-pack: start;
  -ms-flex-pack: start;
  -webkit-justify-content: flex-start;
  /* Align items, Y axis */
  align-items: flex-start;
  -webkit-box-align: start;
  -ms-flex-align: start;
  -webkit-align-items: flex-start;
 }.bKorkv { 
  display: -webkit-box; 
  display: -moz-box; 
  display: -ms-flexbox; 
  display: -webkit-flex; 
  display: flex;
  flex-wrap: wrap;
  -webkit-box-lines: multiple;
  -ms-flex-wrap: wrap;
  -webkit-flex-wrap: wrap;
  flex: 0 1 auto;
  -ms-flex: 0 1 auto;
  -webkit-flex: 0 1 auto;

  /* Reverse */
  

  /* Container for main views */
  
  

  /* Justify content, X axis aligment  */
  justify-content: flex-end;
  -webkit-box-pack: end;
  -ms-flex-pack: end;
  -webkit-justify-content: flex-end;
  /* Align items, Y axis */
  align-items: flex-start;
  -webkit-box-align: start;
  -ms-flex-align: start;
  -webkit-align-items: flex-start;
 }.jDSNno { 
  display: -webkit-box; 
  display: -moz-box; 
  display: -ms-flexbox; 
  display: -webkit-flex; 
  display: flex;
  flex-wrap: wrap;
  -webkit-box-lines: multiple;
  -ms-flex-wrap: wrap;
  -webkit-flex-wrap: wrap;
  flex: 0 1 auto;
  -ms-flex: 0 1 auto;
  -webkit-flex: 0 1 auto;

  /* Reverse */
  

  /* Container for main views */
  
  

  /* Justify content, X axis aligment  */
  justify-content: center;
  -webkit-box-pack: center;
  -ms-flex-pack: center;
  -webkit-justify-content: center;
  /* Align items, Y axis */
  align-items: flex-start;
  -webkit-box-align: start;
  -ms-flex-align: start;
  -webkit-align-items: flex-start;
 }.kyrNXh { 
  display: -webkit-box; 
  display: -moz-box; 
  display: -ms-flexbox; 
  display: -webkit-flex; 
  display: flex;
  flex-wrap: wrap;
  -webkit-box-lines: multiple;
  -ms-flex-wrap: wrap;
  -webkit-flex-wrap: wrap;
  flex: 0 1 auto;
  -ms-flex: 0 1 auto;
  -webkit-flex: 0 1 auto;

  /* Reverse */
  

  /* Container for main views */
  
  

  /* Justify content, X axis aligment  */
  justify-content: space-between;
  -webkit-box-pack: justify;
  -ms-flex-pack: justify;
  -webkit-justify-content: space-between;
  /* Align items, Y axis */
  align-items: flex-start;
  -webkit-box-align: start;
  -ms-flex-align: start;
  -webkit-align-items: flex-start;
 }.dTDVAP { 
  display: -webkit-box; 
  display: -moz-box; 
  display: -ms-flexbox; 
  display: -webkit-flex; 
  display: flex;
  flex-wrap: wrap;
  -webkit-box-lines: multiple;
  -ms-flex-wrap: wrap;
  -webkit-flex-wrap: wrap;
  flex: 0 1 auto;
  -ms-flex: 0 1 auto;
  -webkit-flex: 0 1 auto;

  /* Reverse */
  

  /* Container for main views */
  
  

  /* Justify content, X axis aligment  */
  justify-content: space-around;
  -webkit-box-pack: justify;
  -ms-flex-pack: distribute;
  -webkit-justify-content: space-around;
  /* Align items, Y axis */
  align-items: flex-start;
  -webkit-box-align: start;
  -ms-flex-align: start;
  -webkit-align-items: flex-start;
 }.jmWRYR { 
  display: -webkit-box; 
  display: -moz-box; 
  display: -ms-flexbox; 
  display: -webkit-flex; 
  display: flex;
  flex-wrap: wrap;
  -webkit-box-lines: multiple;
  -ms-flex-wrap: wrap;
  -webkit-flex-wrap: wrap;
  flex: 0 1 auto;
  -ms-flex: 0 1 auto;
  -webkit-flex: 0 1 auto;

  /* Reverse */
  

  /* Container for main views */
  
  

  /* Justify content, X axis aligment  */
  justify-content: flex-start;
  -webkit-box-pack: start;
  -ms-flex-pack: start;
  -webkit-justify-content: flex-start;
  /* Align items, Y axis */
  align-items: flex-end;
  -webkit-box-align: end;
  -ms-flex-align: end;
  -webkit-align-items: flex-end;
 }.ejEsuj { 
  display: -webkit-box; 
  display: -moz-box; 
  display: -ms-flexbox; 
  display: -webkit-flex; 
  display: flex;
  flex-wrap: wrap;
  -webkit-box-lines: multiple;
  -ms-flex-wrap: wrap;
  -webkit-flex-wrap: wrap;
  flex: 0 1 auto;
  -ms-flex: 0 1 auto;
  -webkit-flex: 0 1 auto;

  /* Reverse */
  

  /* Container for main views */
  
  

  /* Justify content, X axis aligment  */
  justify-content: flex-start;
  -webkit-box-pack: start;
  -ms-flex-pack: start;
  -webkit-justify-content: flex-start;
  /* Align items, Y axis */
  align-items: center;
  -webkit-box-align: center;
  -ms-flex-align: center;
  -webkit-align-items: center;
 }.OjDrt { 
  display: -webkit-box; 
  display: -moz-box; 
  display: -ms-flexbox; 
  display: -webkit-flex; 
  display: flex;
  flex-wrap: wrap;
  -webkit-box-lines: multiple;
  -ms-flex-wrap: wrap;
  -webkit-flex-wrap: wrap;
  flex: 0 1 auto;
  -ms-flex: 0 1 auto;
  -webkit-flex: 0 1 auto;

  /* Reverse */
  

  /* Container for main views */
  
  

  /* Justify content, X axis aligment  */
  justify-content: flex-start;
  -webkit-box-pack: start;
  -ms-flex-pack: start;
  -webkit-justify-content: flex-start;
  /* Align items, Y axis */
  align-items: stretch;
  -webkit-box-align: stretch;
  -ms-flex-align: stretch;
  -webkit-align-items: stretch;
 }.cvHemP { 
  display: -webkit-box; 
  display: -moz-box; 
  display: -ms-flexbox; 
  display: -webkit-flex; 
  display: flex;
  flex-wrap: wrap;
  -webkit-box-lines: multiple;
  -ms-flex-wrap: wrap;
  -webkit-flex-wrap: wrap;
  flex: 0 1 auto;
  -ms-flex: 0 1 auto;
  -webkit-flex: 0 1 auto;

  /* Reverse */
  

  /* Container for main views */
  
  

  /* Justify content, X axis aligment  */
  justify-content: flex-start;
  -webkit-box-pack: start;
  -ms-flex-pack: start;
  -webkit-justify-content: flex-start;
  /* Align items, Y axis */
  align-items: baseline;
  -webkit-box-align: baseline;
  -ms-flex-align: baseline;
  -webkit-align-items: baseline;
 }.iahwBf { 
  display: -webkit-box; 
  display: -moz-box; 
  display: -ms-flexbox; 
  display: -webkit-flex; 
  display: flex;
  flex-wrap: wrap;
  -webkit-box-lines: multiple;
  -ms-flex-wrap: wrap;
  -webkit-flex-wrap: wrap;
  flex: 0 1 auto;
  -ms-flex: 0 1 auto;
  -webkit-flex: 0 1 auto;

  /* Reverse */
  flex-direction: reverse;
  -webkit-box-direction: reverse;
  -webkit-box-orient: horizontal;
  -ms-flex-direction: reverse;
  -webkit-flex-direction: reverse;

  /* Container for main views */
  
  

  /* Justify content, X axis aligment  */
  justify-content: flex-start;
  -webkit-box-pack: start;
  -ms-flex-pack: start;
  -webkit-justify-content: flex-start;
  /* Align items, Y axis */
  align-items: flex-start;
  -webkit-box-align: start;
  -ms-flex-align: start;
  -webkit-align-items: flex-start;
 }"
`;
